// Jest Snapshot v1, https://goo.gl/fbAQLP

exports[`<EnterpriseList /> renders correctly calls getEnterpriseList, clearPortalConfiguration and getLocalUser props 1`] = `
<div>
  <div
    className="container"
  >
    <div
      className="row mt-4"
    >
      <div
        className="col-sm-12 col-md"
      >
        <h1
          className={null}
        >
          Enterprise List
        </h1>
      </div>
      <div
        className="col-sm-12 col-md-6 col-lg-4 mb-3 mb-md-0"
      >
        <div
          className="border search-field"
          onBlur={[Function]}
          onFocus={[Function]}
        >
          <div
            className="form-group form-inline"
          >
            <label
              className=""
              htmlFor="asInput2"
              id="label-asInput2"
            >
              Search:
            </label>
            <div
              className="input-group"
            >
              <div
                className="input-group-prepend"
              />
              <input
                aria-describedby="error-asInput2"
                aria-invalid={false}
                autoComplete="off"
                className="form-control is-invalid-nodanger input no-clear-btn"
                disabled={false}
                id="asInput2"
                name="search"
                onBlur={[Function]}
                onChange={[Function]}
                onKeyPress={[Function]}
                placeholder=""
                readOnly={false}
                required={false}
                themes={Array []}
                type="search"
                value=""
              />
              <div
                className="input-group-append"
              >
                <button
                  className="btn search-btn"
                  disabled={true}
                  onBlur={[Function]}
                  onClick={[Function]}
                  onKeyDown={[Function]}
                  type="button"
                >
                  <span>
                    <span
                      aria-hidden={true}
                      className="fa fa-search"
                      id="Icon1"
                    />
                    <span
                      className="sr-only"
                    >
                      Submit search
                    </span>
                  </span>
                </button>
              </div>
            </div>
            <div
              aria-live="polite"
              className="invalid-feedback invalid-feedback-nodanger"
              id="error-asInput2"
            >
              <span />
            </div>
          </div>
        </div>
      </div>
    </div>
    <div
      className="row mt-2"
    >
      <div
        className="col"
      />
    </div>
  </div>
</div>
`;

exports[`<EnterpriseList /> renders correctly with empty enrollment data 1`] = `
<div>
  <div
    className="container"
  >
    <div
      className="row mt-4"
    >
      <div
        className="col-sm-12 col-md"
      >
        <h1
          className={null}
        >
          Enterprise List
        </h1>
      </div>
      <div
        className="col-sm-12 col-md-6 col-lg-4 mb-3 mb-md-0"
      >
        <div
          className="border search-field"
          onBlur={[Function]}
          onFocus={[Function]}
        >
          <div
            className="form-group form-inline"
          >
            <label
              className=""
              htmlFor="asInput6"
              id="label-asInput6"
            >
              Search:
            </label>
            <div
              className="input-group"
            >
              <div
                className="input-group-prepend"
              />
              <input
                aria-describedby="error-asInput6"
                aria-invalid={false}
                autoComplete="off"
                className="form-control is-invalid-nodanger input no-clear-btn"
                disabled={false}
                id="asInput6"
                name="search"
                onBlur={[Function]}
                onChange={[Function]}
                onKeyPress={[Function]}
                placeholder=""
                readOnly={false}
                required={false}
                themes={Array []}
                type="search"
                value=""
              />
              <div
                className="input-group-append"
              >
                <button
                  className="btn search-btn"
                  disabled={true}
                  onBlur={[Function]}
                  onClick={[Function]}
                  onKeyDown={[Function]}
                  type="button"
                >
                  <span>
                    <span
                      aria-hidden={true}
                      className="fa fa-search"
                      id="Icon1"
                    />
                    <span
                      className="sr-only"
                    >
                      Submit search
                    </span>
                  </span>
                </button>
              </div>
            </div>
            <div
              aria-live="polite"
              className="invalid-feedback invalid-feedback-nodanger"
              id="error-asInput6"
            >
              <span />
            </div>
          </div>
        </div>
      </div>
    </div>
    <div
      className="row mt-2"
    >
      <div
        className="col"
      >
        <div
          className="alert fade alert-warning show"
          hidden={false}
          role="alert"
        >
          <div
            className="alert-dialog"
          >
            <div
              className="d-flex"
            >
              <div
                className="icon mr-2"
              >
                <span>
                  <span
                    aria-hidden={true}
                    className="fa fa-exclamation-circle"
                    id="Icon1"
                  />
                </span>
              </div>
              <div
                className="message"
              >
                <span>
                  You do not have permission to view any enterprise customer data.
                </span>
              </div>
            </div>
          </div>
        </div>
      </div>
    </div>
  </div>
</div>
`;

exports[`<EnterpriseList /> renders correctly with enrollment data 1`] = `
<div>
  <div
    className="container"
  >
    <div
      className="row mt-4"
    >
      <div
        className="col-sm-12 col-md"
      >
        <h1
          className={null}
        >
          Enterprise List
        </h1>
      </div>
      <div
        className="col-sm-12 col-md-6 col-lg-4 mb-3 mb-md-0"
      >
        <div
          className="border search-field"
          onBlur={[Function]}
          onFocus={[Function]}
        >
          <div
            className="form-group form-inline"
          >
            <label
              className=""
              htmlFor="asInput3"
              id="label-asInput3"
            >
              Search:
            </label>
            <div
              className="input-group"
            >
              <div
                className="input-group-prepend"
              />
              <input
                aria-describedby="error-asInput3"
                aria-invalid={false}
                autoComplete="off"
                className="form-control is-invalid-nodanger input no-clear-btn"
                disabled={false}
                id="asInput3"
                name="search"
                onBlur={[Function]}
                onChange={[Function]}
                onKeyPress={[Function]}
                placeholder=""
                readOnly={false}
                required={false}
                themes={Array []}
                type="search"
                value=""
              />
              <div
                className="input-group-append"
              >
                <button
                  className="btn search-btn"
                  disabled={true}
                  onBlur={[Function]}
                  onClick={[Function]}
                  onKeyDown={[Function]}
                  type="button"
                >
                  <span>
                    <span
                      aria-hidden={true}
                      className="fa fa-search"
                      id="Icon1"
                    />
                    <span
                      className="sr-only"
                    >
                      Submit search
                    </span>
                  </span>
                </button>
              </div>
            </div>
            <div
              aria-live="polite"
              className="invalid-feedback invalid-feedback-nodanger"
              id="error-asInput3"
            >
              <span />
            </div>
          </div>
        </div>
      </div>
    </div>
    <div
      className="row mt-2"
    >
      <div
        className="col"
      >
        <div
          className={null}
        >
          <div
            className="row"
          >
            <div
              className="col"
            >
              <div
                className="table-responsive"
              >
                <table
                  className="table table-sm table-striped"
                >
                  <thead
                    className=""
                  >
                    <tr
                      className=""
                    >
                      <th
                        className=""
                        scope="col"
                      >
                        Enterprise
                      </th>
                    </tr>
                  </thead>
                  <tbody
                    className=""
                  >
                    <tr
                      className=""
                    >
                      <td
                        className=""
                      >
                        <a
                          href="/enterprise-1/admin/learners"
                          onClick={[Function]}
                        >
                          Enterprise 1
                        </a>
                      </td>
                    </tr>
                    <tr
                      className=""
                    >
                      <td
                        className=""
                      >
                        <a
                          href="/enterprise-2/admin/learners"
                          onClick={[Function]}
                        >
                          Enterprise 2
                        </a>
                      </td>
                    </tr>
                    <tr
                      className=""
                    >
                      <td
                        className=""
                      >
                        <a
                          href="/enterprise-3/admin/learners"
                          onClick={[Function]}
                        >
                          Enterprise 3
                        </a>
                      </td>
                    </tr>
                    <tr
                      className=""
                    >
                      <td
                        className=""
                      >
                        <a
                          href="/enterprise-4/admin/learners"
                          onClick={[Function]}
                        >
                          Enterprise 4
                        </a>
                      </td>
                    </tr>
                    <tr
                      className=""
                    >
                      <td
                        className=""
                      >
                        <a
                          href="/enterprise-5/admin/learners"
                          onClick={[Function]}
                        >
                          Enterprise 5
                        </a>
                      </td>
                    </tr>
                    <tr
                      className=""
                    >
                      <td
                        className=""
                      >
                        <a
                          href="/enterprise-6/admin/learners"
                          onClick={[Function]}
                        >
                          Enterprise 6
                        </a>
                      </td>
                    </tr>
                    <tr
                      className=""
                    >
                      <td
                        className=""
                      >
                        <a
                          href="/enterprise-7/admin/learners"
                          onClick={[Function]}
                        >
                          Enterprise 7
                        </a>
                      </td>
                    </tr>
                    <tr
                      className=""
                    >
                      <td
                        className=""
                      >
                        <a
                          href="/enterprise-8/admin/learners"
                          onClick={[Function]}
                        >
                          Enterprise 8
                        </a>
                      </td>
                    </tr>
                    <tr
                      className=""
                    >
                      <td
                        className=""
                      >
                        <a
                          href="/enterprise-9/admin/learners"
                          onClick={[Function]}
                        >
                          Enterprise 9
                        </a>
                      </td>
                    </tr>
                    <tr
                      className=""
                    >
                      <td
                        className=""
                      >
                        <a
                          href="/enterprise-10/admin/learners"
                          onClick={[Function]}
                        >
                          Enterprise 10
                        </a>
                      </td>
                    </tr>
                    <tr
                      className=""
                    >
                      <td
                        className=""
                      >
                        <a
                          href="/enterprise-11/admin/learners"
                          onClick={[Function]}
                        >
                          Enterprise 11
                        </a>
                      </td>
                    </tr>
                    <tr
                      className=""
                    >
                      <td
                        className=""
                      >
                        <a
                          href="/enterprise-12/admin/learners"
                          onClick={[Function]}
                        >
                          Enterprise 12
                        </a>
                      </td>
                    </tr>
                    <tr
                      className=""
                    >
                      <td
                        className=""
                      >
                        <a
                          href="/enterprise-13/admin/learners"
                          onClick={[Function]}
                        >
                          Enterprise 13
                        </a>
                      </td>
                    </tr>
                    <tr
                      className=""
                    >
                      <td
                        className=""
                      >
                        <a
                          href="/enterprise-14/admin/learners"
                          onClick={[Function]}
                        >
                          Enterprise 14
                        </a>
                      </td>
                    </tr>
                    <tr
                      className=""
                    >
                      <td
                        className=""
                      >
                        <a
                          href="/enterprise-15/admin/learners"
                          onClick={[Function]}
                        >
                          Enterprise 15
                        </a>
                      </td>
                    </tr>
                    <tr
                      className=""
                    >
                      <td
                        className=""
                      >
                        <a
                          href="/enterprise-16/admin/learners"
                          onClick={[Function]}
                        >
                          Enterprise 16
                        </a>
                      </td>
                    </tr>
                    <tr
                      className=""
                    >
                      <td
                        className=""
                      >
                        <a
                          href="/enterprise-17/admin/learners"
                          onClick={[Function]}
                        >
                          Enterprise 17
                        </a>
                      </td>
                    </tr>
                    <tr
                      className=""
                    >
                      <td
                        className=""
                      >
                        <a
                          href="/enterprise-18/admin/learners"
                          onClick={[Function]}
                        >
                          Enterprise 18
                        </a>
                      </td>
                    </tr>
                    <tr
                      className=""
                    >
                      <td
                        className=""
                      >
                        <a
                          href="/enterprise-19/admin/learners"
                          onClick={[Function]}
                        >
                          Enterprise 19
                        </a>
                      </td>
                    </tr>
                    <tr
                      className=""
                    >
                      <td
                        className=""
                      >
                        <a
                          href="/enterprise-20/admin/learners"
                          onClick={[Function]}
                        >
                          Enterprise 20
                        </a>
                      </td>
                    </tr>
                  </tbody>
                </table>
              </div>
            </div>
          </div>
          <div
            className="row mt-2"
          >
            <div
              className="col d-flex justify-content-center"
            >
              <nav
                aria-label="enterprise list pagination"
                className=""
              >
                <div
                  aria-atomic={true}
                  aria-live="polite"
                  aria-relevant="text"
                  className="sr-only"
                >
                  Page 1, Current Page, of 2
                </div>
                <ul
                  className="pagination"
                >
                  <li
                    className="page-item disabled"
                  >
                    <button
                      aria-label="Previous"
                      className="btn previous page-link"
                      disabled={true}
                      onBlur={[Function]}
                      onClick={[Function]}
                      onKeyDown={[Function]}
                      tabIndex="-1"
                      type="button"
                    >
                      <div>
                        <span>
                          <span
                            aria-hidden={true}
                            className="fa fa-chevron-left mr-2"
                            id="pagination-4"
                          />
                        </span>
                        Previous
                      </div>
                    </button>
                  </li>
                  <li
                    className="page-item"
                  >
                    <button
                      aria-label="Next, Page 2"
                      className="btn next page-link"
                      disabled={false}
                      onBlur={[Function]}
                      onClick={[Function]}
                      onKeyDown={[Function]}
                      tabIndex={undefined}
                      type="button"
                    >
                      <div>
                        Next
                        <span>
                          <span
                            aria-hidden={true}
                            className="fa fa-chevron-right ml-2"
                            id="pagination-5"
                          />
                        </span>
                      </div>
                    </button>
                  </li>
                </ul>
              </nav>
            </div>
          </div>
        </div>
      </div>
    </div>
  </div>
</div>
`;

exports[`<EnterpriseList /> renders correctly with error state 1`] = `
<div>
  <div
    className="container"
  >
    <div
      className="row mt-4"
    >
      <div
        className="col-sm-12 col-md"
      >
        <h1
          className={null}
        >
          Enterprise List
        </h1>
      </div>
      <div
        className="col-sm-12 col-md-6 col-lg-4 mb-3 mb-md-0"
      >
        <div
          className="border search-field"
          onBlur={[Function]}
          onFocus={[Function]}
        >
          <div
            className="form-group form-inline"
          >
            <label
              className=""
              htmlFor="asInput8"
              id="label-asInput8"
            >
              Search:
            </label>
            <div
              className="input-group"
            >
              <div
                className="input-group-prepend"
              />
              <input
                aria-describedby="error-asInput8"
                aria-invalid={false}
                autoComplete="off"
                className="form-control is-invalid-nodanger input no-clear-btn"
                disabled={false}
                id="asInput8"
                name="search"
                onBlur={[Function]}
                onChange={[Function]}
                onKeyPress={[Function]}
                placeholder=""
                readOnly={false}
                required={false}
                themes={Array []}
                type="search"
                value=""
              />
              <div
                className="input-group-append"
              >
                <button
                  className="btn search-btn"
                  disabled={true}
                  onBlur={[Function]}
                  onClick={[Function]}
                  onKeyDown={[Function]}
                  type="button"
                >
                  <span>
                    <span
                      aria-hidden={true}
                      className="fa fa-search"
                      id="Icon1"
                    />
                    <span
                      className="sr-only"
                    >
                      Submit search
                    </span>
                  </span>
                </button>
              </div>
            </div>
            <div
              aria-live="polite"
              className="invalid-feedback invalid-feedback-nodanger"
              id="error-asInput8"
            >
              <span />
            </div>
          </div>
        </div>
      </div>
    </div>
    <div
      className="row mt-2"
    >
      <div
        className="col"
      >
        <div
          className="alert fade alert-danger show"
          hidden={false}
          role="alert"
        >
          <div
            className="alert-dialog"
          >
            <div
              className="d-flex"
            >
              <div
                className="icon mr-2"
              >
                <span>
                  <span
                    aria-hidden={true}
                    className="fa fa-times-circle"
                    id="Icon1"
                  />
                </span>
              </div>
              <div
                className="message"
              >
                <span
                  className="title"
                >
                  Unable to load enterprise list
                </span>
                <span>
                  Try refreshing your screen (Network Error)
                </span>
              </div>
            </div>
          </div>
        </div>
      </div>
    </div>
  </div>
</div>
`;

exports[`<EnterpriseList /> renders correctly with loading state 1`] = `
<div>
  <div
    className="container"
  >
    <div
      className="row mt-4"
    >
      <div
        className="col-sm-12 col-md"
      >
        <h1
          className={null}
        >
          Enterprise List
        </h1>
      </div>
      <div
        className="col-sm-12 col-md-6 col-lg-4 mb-3 mb-md-0"
      >
        <div
          className="border search-field"
          onBlur={[Function]}
          onFocus={[Function]}
        >
          <div
            className="form-group form-inline"
          >
            <label
              className=""
              htmlFor="asInput9"
              id="label-asInput9"
            >
              Search:
            </label>
            <div
              className="input-group"
            >
              <div
                className="input-group-prepend"
              />
              <input
                aria-describedby="error-asInput9"
                aria-invalid={false}
                autoComplete="off"
                className="form-control is-invalid-nodanger input no-clear-btn"
                disabled={false}
                id="asInput9"
                name="search"
                onBlur={[Function]}
                onChange={[Function]}
                onKeyPress={[Function]}
                placeholder=""
                readOnly={false}
                required={false}
                themes={Array []}
                type="search"
                value=""
              />
              <div
                className="input-group-append"
              >
                <button
                  className="btn search-btn"
                  disabled={true}
                  onBlur={[Function]}
                  onClick={[Function]}
                  onKeyDown={[Function]}
                  type="button"
                >
                  <span>
                    <span
                      aria-hidden={true}
                      className="fa fa-search"
                      id="Icon1"
                    />
                    <span
                      className="sr-only"
                    >
                      Submit search
                    </span>
                  </span>
                </button>
              </div>
            </div>
            <div
              aria-live="polite"
              className="invalid-feedback invalid-feedback-nodanger"
              id="error-asInput9"
            >
              <span />
            </div>
          </div>
        </div>
      </div>
    </div>
    <div
      className="row mt-2"
    >
      <div
        className="col"
      >
        <div
          className="enterprise-list loading d-flex align-items-center justify-content-center"
        >
          <span>
            Loading...
          </span>
        </div>
      </div>
    </div>
  </div>
</div>
`;

exports[`<EnterpriseList /> renders correctly with search query and empty enrollment data 1`] = `
<div>
  <div
    className="container"
  >
    <div
      className="row mt-4"
    >
      <div
        className="col-sm-12 col-md"
      >
        <h1
          className={null}
        >
          Enterprise List
        </h1>
      </div>
      <div
        className="col-sm-12 col-md-6 col-lg-4 mb-3 mb-md-0"
      >
        <div
          className="border search-field"
          onBlur={[Function]}
          onFocus={[Function]}
        >
          <div
            className="form-group form-inline"
          >
            <label
              className=""
              htmlFor="asInput7"
              id="label-asInput7"
            >
              Search:
            </label>
            <div
              className="input-group"
            >
              <div
                className="input-group-prepend"
              />
              <input
                aria-describedby="error-asInput7"
                aria-invalid={false}
                autoComplete="off"
                className="form-control is-invalid-nodanger input no-clear-btn"
                disabled={false}
                id="asInput7"
                name="search"
                onBlur={[Function]}
                onChange={[Function]}
                onKeyPress={[Function]}
                placeholder=""
                readOnly={false}
                required={false}
                themes={Array []}
                type="search"
                value=""
              />
              <div
                className="input-group-append"
              >
                <button
                  className="btn search-btn"
                  disabled={true}
                  onBlur={[Function]}
                  onClick={[Function]}
                  onKeyDown={[Function]}
                  type="button"
                >
                  <span>
                    <span
                      aria-hidden={true}
                      className="fa fa-search"
                      id="Icon1"
                    />
                    <span
                      className="sr-only"
                    >
                      Submit search
                    </span>
                  </span>
                </button>
              </div>
            </div>
            <div
              aria-live="polite"
              className="invalid-feedback invalid-feedback-nodanger"
              id="error-asInput7"
            >
              <span />
            </div>
          </div>
        </div>
      </div>
    </div>
    <div
      className="row mt-2"
    >
      <div
        className="col"
      >
        <div
          className="alert fade alert-warning show"
          hidden={false}
          role="alert"
        >
          <div
            className="alert-dialog"
          >
            <div
              className="d-flex"
            >
              <div
                className="icon mr-2"
              >
                <span>
                  <span
                    aria-hidden={true}
                    className="fa fa-exclamation-circle"
                    id="Icon1"
                  />
                </span>
              </div>
              <div
                className="message"
              >
                <span>
                  There are no enterprise customers that match your search.
                </span>
              </div>
            </div>
          </div>
        </div>
      </div>
    </div>
  </div>
</div>
`;
