// Jest Snapshot v1, https://goo.gl/fbAQLP

exports[`<SupportPage /> renders correctly 1`] = `
<div
  className="container mt-3"
>
  <h1
    className={null}
  >
    Support
  </h1>
  <p>
    For assistance, please contact edX Enterprise Support at 
    <a
      href="mailto:customersuccess@edx.org"
      onClick={null}
      target="_self"
    >
       customersuccess@edx.org
    </a>
    .
  </p>
</div>
`;
